// Vitest Snapshot v1, https://vitest.dev/guide/snapshot.html

exports[`ensure vendor is updated 1`] = `
[
  {
    "commit": "96acaa52902feb1320e1d8ec8936b8669cca447d",
    "path": "src/services/types.ts",
    "repo": "microsoft/TypeScript",
  },
  {
    "commit": "a134f3050c22fe80954241467cd429811792a81d",
    "path": "src/services/htmlFormatter.ts",
    "repo": "microsoft/vscode-html-languageservice",
  },
]
`;
